// Jest Snapshot v1, https://goo.gl/fbAQLP

exports[`utils getCSRFCookie returns nothing when the cookie is not present in document.cookie nor the DOM 1`] = `"token"`;

exports[`utils getCSRFCookie returns the value from the DOM when cookie is not present 1`] = `"value"`;

exports[`utils getCookie returns a cookie value from document.cookie 1`] = `"value"`;

exports[`utils getCookie returns nothing when cookie is an empty string 1`] = `"value"`;

exports[`utils getCookie returns nothing when no cookie is set in document.cookie 1`] = `"value"`;

exports[`utils getCookie returns nothing when the cookie is not present in document.cookie 1`] = `null`;

exports[`utils removeDuplicates removes duplicates by key 1`] = `
Array [
  Object {
    "key": 1,
  },
]
`;
